../Core/Src/stm32f4xx_it.c:72:6:NMI_Handler	4	static
../Core/Src/stm32f4xx_it.c:87:6:HardFault_Handler	4	static
../Core/Src/stm32f4xx_it.c:110:6:MemManage_Handler	4	static
../Core/Src/stm32f4xx_it.c:125:6:BusFault_Handler	4	static
../Core/Src/stm32f4xx_it.c:140:6:UsageFault_Handler	4	static
../Core/Src/stm32f4xx_it.c:155:6:DebugMon_Handler	4	static
../Core/Src/stm32f4xx_it.c:168:6:SysTick_Handler	8	static
../Core/Src/stm32f4xx_it.c:197:6:RCC_IRQHandler	4	static
../Core/Src/stm32f4xx_it.c:210:6:TIM4_IRQHandler	8	static
../Core/Src/stm32f4xx_it.c:224:6:USART3_IRQHandler	8	static
